                         #A
  FIRST PAGE#B                         
  SECOND PAGE